Archive member included to satisfy reference by file (symbol)

D:/Programs/STM32CubeIDE_2.0.0/STM32CubeIDE/plugins/com.st.stm32cube.ide.mcu.externaltools.gnu-tools-for-stm32.13.3.rel1.win32_1.0.100.202509120712/tools/bin/../lib/gcc/arm-none-eabi/13.3.1/../../../../arm-none-eabi/lib/thumb/v7e-m+fp/hard\libc_nano.a(libc_a-exit.o)
                              D:/Programs/STM32CubeIDE_2.0.0/STM32CubeIDE/plugins/com.st.stm32cube.ide.mcu.externaltools.gnu-tools-for-stm32.13.3.rel1.win32_1.0.100.202509120712/tools/bin/../lib/gcc/arm-none-eabi/13.3.1/../../../../arm-none-eabi/lib/thumb/v7e-m+fp/hard/crt0.o (exit)
D:/Programs/STM32CubeIDE_2.0.0/STM32CubeIDE/plugins/com.st.stm32cube.ide.mcu.externaltools.gnu-tools-for-stm32.13.3.rel1.win32_1.0.100.202509120712/tools/bin/../lib/gcc/arm-none-eabi/13.3.1/../../../../arm-none-eabi/lib/thumb/v7e-m+fp/hard\libc_nano.a(libc_a-findfp.o)
                              D:/Programs/STM32CubeIDE_2.0.0/STM32CubeIDE/plugins/com.st.stm32cube.ide.mcu.externaltools.gnu-tools-for-stm32.13.3.rel1.win32_1.0.100.202509120712/tools/bin/../lib/gcc/arm-none-eabi/13.3.1/../../../../arm-none-eabi/lib/thumb/v7e-m+fp/hard\libc_nano.a(libc_a-exit.o) (__stdio_exit_handler)
D:/Programs/STM32CubeIDE_2.0.0/STM32CubeIDE/plugins/com.st.stm32cube.ide.mcu.externaltools.gnu-tools-for-stm32.13.3.rel1.win32_1.0.100.202509120712/tools/bin/../lib/gcc/arm-none-eabi/13.3.1/../../../../arm-none-eabi/lib/thumb/v7e-m+fp/hard\libc_nano.a(libc_a-fwalk.o)
                              D:/Programs/STM32CubeIDE_2.0.0/STM32CubeIDE/plugins/com.st.stm32cube.ide.mcu.externaltools.gnu-tools-for-stm32.13.3.rel1.win32_1.0.100.202509120712/tools/bin/../lib/gcc/arm-none-eabi/13.3.1/../../../../arm-none-eabi/lib/thumb/v7e-m+fp/hard\libc_nano.a(libc_a-findfp.o) (_fwalk_sglue)
D:/Programs/STM32CubeIDE_2.0.0/STM32CubeIDE/plugins/com.st.stm32cube.ide.mcu.externaltools.gnu-tools-for-stm32.13.3.rel1.win32_1.0.100.202509120712/tools/bin/../lib/gcc/arm-none-eabi/13.3.1/../../../../arm-none-eabi/lib/thumb/v7e-m+fp/hard\libc_nano.a(libc_a-stdio.o)
                              D:/Programs/STM32CubeIDE_2.0.0/STM32CubeIDE/plugins/com.st.stm32cube.ide.mcu.externaltools.gnu-tools-for-stm32.13.3.rel1.win32_1.0.100.202509120712/tools/bin/../lib/gcc/arm-none-eabi/13.3.1/../../../../arm-none-eabi/lib/thumb/v7e-m+fp/hard\libc_nano.a(libc_a-findfp.o) (__sread)
D:/Programs/STM32CubeIDE_2.0.0/STM32CubeIDE/plugins/com.st.stm32cube.ide.mcu.externaltools.gnu-tools-for-stm32.13.3.rel1.win32_1.0.100.202509120712/tools/bin/../lib/gcc/arm-none-eabi/13.3.1/../../../../arm-none-eabi/lib/thumb/v7e-m+fp/hard\libc_nano.a(libc_a-memset.o)
                              D:/Programs/STM32CubeIDE_2.0.0/STM32CubeIDE/plugins/com.st.stm32cube.ide.mcu.externaltools.gnu-tools-for-stm32.13.3.rel1.win32_1.0.100.202509120712/tools/bin/../lib/gcc/arm-none-eabi/13.3.1/../../../../arm-none-eabi/lib/thumb/v7e-m+fp/hard/crt0.o (memset)
D:/Programs/STM32CubeIDE_2.0.0/STM32CubeIDE/plugins/com.st.stm32cube.ide.mcu.externaltools.gnu-tools-for-stm32.13.3.rel1.win32_1.0.100.202509120712/tools/bin/../lib/gcc/arm-none-eabi/13.3.1/../../../../arm-none-eabi/lib/thumb/v7e-m+fp/hard\libc_nano.a(libc_a-closer.o)
                              D:/Programs/STM32CubeIDE_2.0.0/STM32CubeIDE/plugins/com.st.stm32cube.ide.mcu.externaltools.gnu-tools-for-stm32.13.3.rel1.win32_1.0.100.202509120712/tools/bin/../lib/gcc/arm-none-eabi/13.3.1/../../../../arm-none-eabi/lib/thumb/v7e-m+fp/hard\libc_nano.a(libc_a-stdio.o) (_close_r)
D:/Programs/STM32CubeIDE_2.0.0/STM32CubeIDE/plugins/com.st.stm32cube.ide.mcu.externaltools.gnu-tools-for-stm32.13.3.rel1.win32_1.0.100.202509120712/tools/bin/../lib/gcc/arm-none-eabi/13.3.1/../../../../arm-none-eabi/lib/thumb/v7e-m+fp/hard\libc_nano.a(libc_a-reent.o)
                              D:/Programs/STM32CubeIDE_2.0.0/STM32CubeIDE/plugins/com.st.stm32cube.ide.mcu.externaltools.gnu-tools-for-stm32.13.3.rel1.win32_1.0.100.202509120712/tools/bin/../lib/gcc/arm-none-eabi/13.3.1/../../../../arm-none-eabi/lib/thumb/v7e-m+fp/hard\libc_nano.a(libc_a-closer.o) (errno)
D:/Programs/STM32CubeIDE_2.0.0/STM32CubeIDE/plugins/com.st.stm32cube.ide.mcu.externaltools.gnu-tools-for-stm32.13.3.rel1.win32_1.0.100.202509120712/tools/bin/../lib/gcc/arm-none-eabi/13.3.1/../../../../arm-none-eabi/lib/thumb/v7e-m+fp/hard\libc_nano.a(libc_a-impure.o)
                              D:/Programs/STM32CubeIDE_2.0.0/STM32CubeIDE/plugins/com.st.stm32cube.ide.mcu.externaltools.gnu-tools-for-stm32.13.3.rel1.win32_1.0.100.202509120712/tools/bin/../lib/gcc/arm-none-eabi/13.3.1/../../../../arm-none-eabi/lib/thumb/v7e-m+fp/hard\libc_nano.a(libc_a-reent.o) (_impure_ptr)
D:/Programs/STM32CubeIDE_2.0.0/STM32CubeIDE/plugins/com.st.stm32cube.ide.mcu.externaltools.gnu-tools-for-stm32.13.3.rel1.win32_1.0.100.202509120712/tools/bin/../lib/gcc/arm-none-eabi/13.3.1/../../../../arm-none-eabi/lib/thumb/v7e-m+fp/hard\libc_nano.a(libc_a-lseekr.o)
[...]
Memory Configuration

Name             Origin             Length             Attributes
RAM              0x20000000         0x00018000         xrw
FLASH            0x08000000         0x00080000         xr
*default*        0x00000000         0xffffffff

Linker script and memory map

LOAD D:/Programs/STM32CubeIDE_2.0.0/STM32CubeIDE/plugins/com.st.stm32cube.ide.mcu.externaltools.gnu-tools-for-stm32.13.3.rel1.win32_1.0.100.202509120712/tools/bin/../lib/gcc/arm-none-eabi/13.3.1/thumb/v7e-m+fp/hard/crti.o
LOAD D:/Programs/STM32CubeIDE_2.0.0/STM32CubeIDE/plugins/com.st.stm32cube.ide.mcu.externaltools.gnu-tools-for-stm32.13.3.rel1.win32_1.0.100.202509120712/tools/bin/../lib/gcc/arm-none-eabi/13.3.1/thumb/v7e-m+fp/hard/crtbegin.o
LOAD D:/Programs/STM32CubeIDE_2.0.0/STM32CubeIDE/plugins/com.st.stm32cube.ide.mcu.externaltools.gnu-tools-for-stm32.13.3.rel1.win32_1.0.100.202509120712/tools/bin/../lib/gcc/arm-none-eabi/13.3.1/../../../../arm-none-eabi/lib/thumb/v7e-m+fp/hard/crt0.o
LOAD ./Core/Src/main.o
LOAD ./Core/Src/stm32f4xx_it.o
LOAD ./Core/Src/syscalls.o
LOAD ./Core/Src/sysmem.o
LOAD ./Core/Src/system_stm32f4xx.o
LOAD ./Core/Startup/startup_stm32f401ceux.o
LOAD ./Drivers/STM32F4xx_HAL_Driver/Src/stm32f4xx_ll_exti.o
LOAD ./Drivers/STM32F4xx_HAL_Driver/Src/stm32f4xx_ll_gpio.o
LOAD ./Drivers/STM32F4xx_HAL_Driver/Src/stm32f4xx_ll_rcc.o
LOAD ./Drivers/STM32F4xx_HAL_Driver/Src/stm32f4xx_ll_utils.o
LOAD ./Src/App/app_main.o
LOAD ./Src/BSP/BSP_Button/bsp_button.o
LOAD ./Src/BSP/BSP_DS18B20/bsp_ds18b20.o
LOAD ./Src/BSP/BSP_Fan/bsp_fan.o
LOAD ./Src/BSP/BSP_LCD/bsp_lcd.o
LOAD ./Src/Drivers/Components/delay/delay.o
LOAD ./Src/Drivers/Components/dio/stm32/dio.o
LOAD ./Src/Drivers/Components/systick/systick.o
START GROUP
LOAD D:/Programs/STM32CubeIDE_2.0.0/STM32CubeIDE/plugins/com.st.stm32cube.ide.mcu.externaltools.gnu-tools-for-stm32.13.3.rel1.win32_1.0.100.202509120712/tools/bin/../lib/gcc/arm-none-eabi/13.3.1/../../../../arm-none-eabi/lib/thumb/v7e-m+fp/hard\libc_nano.a
LOAD D:/Programs/STM32CubeIDE_2.0.0/STM32CubeIDE/plugins/com.st.stm32cube.ide.mcu.externaltools.gnu-tools-for-stm32.13.3.rel1.win32_1.0.100.202509120712/tools/bin/../lib/gcc/arm-none-eabi/13.3.1/../../../../arm-none-eabi/lib/thumb/v7e-m+fp/hard\libm.a
END GROUP
START GROUP
LOAD D:/Programs/STM32CubeIDE_2.0.0/STM32CubeIDE/plugins/com.st.stm32cube.ide.mcu.externaltools.gnu-tools-for-stm32.13.3.rel1.win32_1.0.100.202509120712/tools/bin/../lib/gcc/arm-none-eabi/13.3.1/thumb/v7e-m+fp/hard\libgcc.a
LOAD D:/Programs/STM32CubeIDE_2.0.0/STM32CubeIDE/plugins/com.st.stm32cube.ide.mcu.externaltools.gnu-tools-for-stm32.13.3.rel1.win32_1.0.100.202509120712/tools/bin/../lib/gcc/arm-none-eabi/13.3.1/../../../../arm-none-eabi/lib/thumb/v7e-m+fp/hard\libc_nano.a
END GROUP
START GROUP
LOAD D:/Programs/STM32CubeIDE_2.0.0/STM32CubeIDE/plugins/com.st.stm32cube.ide.mcu.externaltools.gnu-tools-for-stm32.13.3.rel1.win32_1.0.100.202509120712/tools/bin/../lib/gcc/arm-none-eabi/13.3.1/thumb/v7e-m+fp/hard\libgcc.a
LOAD D:/Programs/STM32CubeIDE_2.0.0/STM32CubeIDE/plugins/com.st.stm32cube.ide.mcu.externaltools.gnu-tools-for-stm32.13.3.rel1.win32_1.0.100.202509120712/tools/bin/../lib/gcc/arm-none-eabi/13.3.1/../../../../arm-none-eabi/lib/thumb/v7e-m+fp/hard\libc_nano.a
LOAD D:/Programs/STM32CubeIDE_2.0.0/STM32CubeIDE/plugins/com.st.stm32cube.ide.mcu.externaltools.gnu-tools-for-stm32.13.3.rel1.win32_1.0.100.202509120712/tools/bin/../lib/gcc/arm-none-eabi/13.3.1/../../../../arm-none-eabi/lib/thumb/v7e-m+fp/hard\libnosys.a
END GROUP
START GROUP
LOAD D:/Programs/STM32CubeIDE_2.0.0/STM32CubeIDE/plugins/com.st.stm32cube.ide.mcu.externaltools.gnu-tools-for-stm32.13.3.rel1.win32_1.0.100.202509120712/tools/bin/../lib/gcc/arm-none-eabi/13.3.1/thumb/v7e-m+fp/hard\libgcc.a
LOAD D:/Programs/STM32CubeIDE_2.0.0/STM32CubeIDE/plugins/com.st.stm32cube.ide.mcu.externaltools.gnu-tools-for-stm32.13.3.rel1.win32_1.0.100.202509120712/tools/bin/../lib/gcc/arm-none-eabi/13.3.1/../../../../arm-none-eabi/lib/thumb/v7e-m+fp/hard\libc_nano.a
LOAD D:/Programs/STM32CubeIDE_2.0.0/STM32CubeIDE/plugins/com.st.stm32cube.ide.mcu.externaltools.gnu-tools-for-stm32.13.3.rel1.win32_1.0.100.202509120712/tools/bin/../lib/gcc/arm-none-eabi/13.3.1/../../../../arm-none-eabi/lib/thumb/v7e-m+fp/hard\libnosys.a
END GROUP
LOAD D:/Programs/STM32CubeIDE_2.0.0/STM32CubeIDE/plugins/com.st.stm32cube.ide.mcu.externaltools.gnu-tools-for-stm32.13.3.rel1.win32_1.0.100.202509120712/tools/bin/../lib/gcc/arm-none-eabi/13.3.1/thumb/v7e-m+fp/hard/crtend.o
LOAD D:/Programs/STM32CubeIDE_2.0.0/STM32CubeIDE/plugins/com.st.stm32cube.ide.mcu.externaltools.gnu-tools-for-stm32.13.3.rel1.win32_1.0.100.202509120712/tools/bin/../lib/gcc/arm-none-eabi/13.3.1/thumb/v7e-m+fp/hard/crtn.o
                0x20018000                        _estack = (ORIGIN (RAM) + LENGTH (RAM))
                0x00000200                        _Min_Heap_Size = 0x200
                0x00000400                        _Min_Stack_Size = 0x400

.isr_vector     0x08000000      0x194
                0x08000000                        . = ALIGN (0x4)
 *(.isr_vector)
 .isr_vector    0x08000000      0x194 ./Core/Startup/startup_stm32f401ceux.o
                0x08000000                g_pfnVectors
                0x08000194                        . = ALIGN (0x4)

.text           0x08000194     0x1d10
                0x08000194                        . = ALIGN (0x4)
 *(.text)
 .text          0x08000194       0x40 D:/Programs/STM32CubeIDE_2.0.0/STM32CubeIDE/plugins/com.st.stm32cube.ide.mcu.externaltools.gnu-tools-for-stm32.13.3.rel1.win32_1.0.100.202509120712/tools/bin/../lib/gcc/arm-none-eabi/13.3.1/thumb/v7e-m+fp/hard/crtbegin.o
 *(.text*)
 .text.__NVIC_SetPriorityGrouping
                0x080001d4       0x48 ./Core/Src/main.o
 .text.__NVIC_GetPriorityGrouping
                0x0800021c       0x1c ./Core/Src/main.o
 .text.__NVIC_SetPriority
                0x08000238       0x54 ./Core/Src/main.o
 .text.NVIC_EncodePriority
                0x0800028c       0x66 ./Core/Src/main.o
 *fill*         0x080002f2        0x2 
 .text.LL_RCC_HSI_Enable
                0x080002f4       0x20 ./Core/Src/main.o
 .text.LL_RCC_HSI_IsReady
                0x08000314       0x24 ./Core/Src/main.o
 .text.LL_RCC_HSI_SetCalibTrimming
                0x08000338       0x2c ./Core/Src/main.o
 .text.LL_RCC_SetSysClkSource
                0x08000364       0x28 ./Core/Src/main.o
 .text.LL_RCC_GetSysClkSource
                0x0800038c       0x1c ./Core/Src/main.o
 .text.LL_RCC_SetAHBPrescaler
                0x080003a8       0x28 ./Core/Src/main.o
 .text.LL_RCC_SetAPB1Prescaler
                0x080003d0       0x28 ./Core/Src/main.o
 .text.LL_RCC_SetAPB2Prescaler
                0x080003f8       0x28 ./Core/Src/main.o
 .text.LL_RCC_SetTIMPrescaler
                0x08000420       0x2c ./Core/Src/main.o
 .text.LL_AHB1_GRP1_EnableClock
                0x0800044c       0x30 ./Core/Src/main.o
 .text.LL_APB1_GRP1_EnableClock
                0x0800047c       0x30 ./Core/Src/main.o
 .text.LL_APB2_GRP1_EnableClock
                0x080004ac       0x30 ./Core/Src/main.o
 .text.LL_FLASH_SetLatency
                0x080004dc       0x28 ./Core/Src/main.o
 .text.LL_FLASH_GetLatency
                0x08000504       0x1c ./Core/Src/main.o
 .text.LL_PWR_SetRegulVoltageScaling
                0x08000520       0x28 ./Core/Src/main.o
 .text.LL_GPIO_SetOutputPin
                0x08000548       0x1c ./Core/Src/main.o
 .text.LL_GPIO_TogglePin
                0x08000564       0x32 ./Core/Src/main.o
 *fill*         0x08000596        0x2 
 .text.main     0x08000598       0x70 ./Core/Src/main.o
                0x08000598                main
 .text.SystemClock_Config
                0x08000608       0x74 ./Core/Src/main.o
                0x08000608                SystemClock_Config
 .text.MX_GPIO_Init
                0x0800067c       0xb8 ./Core/Src/main.o
 .text.NMI_Handler
                0x08000734        0x8 ./Core/Src/stm32f4xx_it.o
                0x08000734                NMI_Handler
 .text.HardFault_Handler
                0x0800073c        0x8 ./Core/Src/stm32f4xx_it.o
                0x0800073c                HardFault_Handler
 .text.MemManage_Handler
                0x08000744        0x8 ./Core/Src/stm32f4xx_it.o
                0x08000744                MemManage_Handler
 .text.BusFault_Handler
                0x0800074c        0x8 ./Core/Src/stm32f4xx_it.o
                0x0800074c                BusFault_Handler
 .text.UsageFault_Handler
                0x08000754        0x8 ./Core/Src/stm32f4xx_it.o
                0x08000754                UsageFault_Handler
 .text.SVC_Handler
                0x0800075c        0xe ./Core/Src/stm32f4xx_it.o
                0x0800075c                SVC_Handler
 .text.DebugMon_Handler
                0x0800076a        0xe ./Core/Src/stm32f4xx_it.o
                0x0800076a                DebugMon_Handler
 .text.PendSV_Handler
                0x08000778        0xe ./Core/Src/stm32f4xx_it.o
                0x08000778                PendSV_Handler
 .text.SysTick_Handler
                0x08000786        0xc ./Core/Src/stm32f4xx_it.o
                0x08000786                SysTick_Handler
 *fill*         0x08000792        0x2 
 .text.SystemInit
                0x08000794       0x24 ./Core/Src/system_stm32f4xx.o
                0x08000794                SystemInit
 .text.Reset_Handler
                0x080007b8       0x50 ./Core/Startup/startup_stm32f401ceux.o
                0x080007b8                Reset_Handler
 .text.Default_Handler
                0x08000808        0x2 ./Core/Startup/startup_stm32f401ceux.o
                0x08000808                RTC_Alarm_IRQHandler
                0x08000808                EXTI2_IRQHandler
                0x08000808                SPI4_IRQHandler
                0x08000808                TIM1_CC_IRQHandler
                0x08000808                DMA2_Stream5_IRQHandler
                0x08000808                DMA1_Stream5_IRQHandler
                0x08000808                PVD_IRQHandler
                0x08000808                SDIO_IRQHandler
                0x08000808                TAMP_STAMP_IRQHandler
                0x08000808                EXTI3_IRQHandler
                0x08000808                TIM1_UP_TIM10_IRQHandler
                0x08000808                I2C3_ER_IRQHandler
                0x08000808                EXTI0_IRQHandler
                0x08000808                I2C2_EV_IRQHandler
                0x08000808                DMA1_Stream2_IRQHandler
                0x08000808                FPU_IRQHandler
                0x08000808                DMA2_Stream2_IRQHandler
                0x08000808                SPI1_IRQHandler
                0x08000808                TIM1_BRK_TIM9_IRQHandler
                0x08000808                DMA2_Stream3_IRQHandler
                0x08000808                USART6_IRQHandler
                0x08000808                DMA2_Stream0_IRQHandler
                0x08000808                TIM4_IRQHandler
                0x08000808                I2C1_EV_IRQHandler
                0x08000808                DMA1_Stream6_IRQHandler
                0x08000808                DMA1_Stream1_IRQHandler
                0x08000808                TIM3_IRQHandler
                0x08000808                RCC_IRQHandler
                0x08000808                Default_Handler
                0x08000808                EXTI15_10_IRQHandler
                0x08000808                ADC_IRQHandler
                0x08000808                DMA1_Stream7_IRQHandler
                0x08000808                TIM5_IRQHandler
                0x08000808                DMA2_Stream7_IRQHandler
                0x08000808                I2C3_EV_IRQHandler
                0x08000808                EXTI9_5_IRQHandler
                0x08000808                RTC_WKUP_IRQHandler
                0x08000808                SPI2_IRQHandler
                0x08000808                DMA1_Stream0_IRQHandler
                0x08000808                EXTI4_IRQHandler
                0x08000808                WWDG_IRQHandler
                0x08000808                TIM2_IRQHandler
                0x08000808                OTG_FS_WKUP_IRQHandler
                0x08000808                TIM1_TRG_COM_TIM11_IRQHandler
                0x08000808                EXTI1_IRQHandler
                0x08000808                USART2_IRQHandler
                0x08000808                I2C2_ER_IRQHandler
                0x08000808                DMA2_Stream1_IRQHandler
                0x08000808                FLASH_IRQHandler
                0x08000808                DMA2_Stream4_IRQHandler
                0x08000808                USART1_IRQHandler
                0x08000808                OTG_FS_IRQHandler
                0x08000808                SPI3_IRQHandler
                0x08000808                DMA1_Stream4_IRQHandler
                0x08000808                I2C1_ER_IRQHandler
                0x08000808                DMA2_Stream6_IRQHandler
                0x08000808                DMA1_Stream3_IRQHandler
 .text.LL_GPIO_SetPinMode
                0x0800080a       0x5e ./Drivers/STM32F4xx_HAL_Driver/Src/stm32f4xx_ll_gpio.o
 .text.LL_GPIO_SetPinOutputType
                0x08000868       0x30 ./Drivers/STM32F4xx_HAL_Driver/Src/stm32f4xx_ll_gpio.o
 .text.LL_GPIO_SetPinSpeed
                0x08000898       0x5e ./Drivers/STM32F4xx_HAL_Driver/Src/stm32f4xx_ll_gpio.o
 .text.LL_GPIO_SetPinPull
                0x080008f6       0x5e ./Drivers/STM32F4xx_HAL_Driver/Src/stm32f4xx_ll_gpio.o
 .text.LL_GPIO_SetAFPin_0_7
                0x08000954       0x5e ./Drivers/STM32F4xx_HAL_Driver/Src/stm32f4xx_ll_gpio.o
 .text.LL_GPIO_SetAFPin_8_15
                0x080009b2       0x62 ./Drivers/STM32F4xx_HAL_Driver/Src/stm32f4xx_ll_gpio.o
 .text.LL_GPIO_Init
                0x08000a14       0xe6 ./Drivers/STM32F4xx_HAL_Driver/Src/stm32f4xx_ll_gpio.o
                0x08000a14                LL_GPIO_Init
 *fill*         0x08000afa        0x2 
 .text.LL_InitTick
                0x08000afc       0x34 ./Drivers/STM32F4xx_HAL_Driver/Src/stm32f4xx_ll_utils.o
 .text.LL_Init1msTick
                0x08000b30       0x1a ./Drivers/STM32F4xx_HAL_Driver/Src/stm32f4xx_ll_utils.o
                0x08000b30                LL_Init1msTick
 *fill*         0x08000b4a        0x2 
 .text.LL_SetSystemCoreClock
                0x08000b4c       0x20 ./Drivers/STM32F4xx_HAL_Driver/Src/stm32f4xx_ll_utils.o
                0x08000b4c                LL_SetSystemCoreClock
 .text.app_main_init
                0x08000b6c       0xa4 ./Src/App/app_main.o
                0x08000b6c                app_main_init
 .text.app_main_run
                0x08000c10       0x1c ./Src/App/app_main.o
                0x08000c10                app_main_run
 .text.app_handle_buttons
                0x08000c2c       0x48 ./Src/App/app_main.o
 .text.app_handle_temperature
                0x08000c74       0x78 ./Src/App/app_main.o
 .text.app_handle_fsm
                0x08000cec       0xb0 ./Src/App/app_main.o
 .text.app_handle_control
                0x08000d9c       0x30 ./Src/App/app_main.o
 .text.app_update_lcd
                0x08000dcc      0x138 ./Src/App/app_main.o
 .text.button_init
                0x08000f04       0x4e ./Src/BSP/BSP_Button/bsp_button.o
                0x08000f04                button_init
 .text.button_update
                0x08000f52       0x80 ./Src/BSP/BSP_Button/bsp_button.o
                0x08000f52                button_update
 .text.button_was_pressed
                0x08000fd2       0x2c ./Src/BSP/BSP_Button/bsp_button.o
                0x08000fd2                button_was_pressed
 .text.button_read_raw
                0x08000ffe       0x52 ./Src/BSP/BSP_Button/bsp_button.o
 .text.ds18b20_init
                0x08001050       0x6e ./Src/BSP/BSP_DS18B20/bsp_ds18b20.o
                0x08001050                ds18b20_init
 .text.ds18b20_get_conversion_time_ms
                0x080010be       0x3c ./Src/BSP/BSP_DS18B20/bsp_ds18b20.o
                0x080010be                ds18b20_get_conversion_time_ms
 .text.ds18b20_set_resolution
                0x080010fa       0xb0 ./Src/BSP/BSP_DS18B20/bsp_ds18b20.o
                0x080010fa                ds18b20_set_resolution
 .text.ds18b20_reset
                0x080011aa       0x78 ./Src/BSP/BSP_DS18B20/bsp_ds18b20.o
                0x080011aa                ds18b20_reset
 .text.ds18b20_start_conversion
                0x08001222       0x52 ./Src/BSP/BSP_DS18B20/bsp_ds18b20.o
                0x08001222                ds18b20_start_conversion
 .text.ds18b20_read_temp_after_conversion
                0x08001274       0x7e ./Src/BSP/BSP_DS18B20/bsp_ds18b20.o
                0x08001274                ds18b20_read_temp_after_conversion
 .text.ds18b20_request_sample
                0x080012f2       0x5e ./Src/BSP/BSP_DS18B20/bsp_ds18b20.o
                0x080012f2                ds18b20_request_sample
 .text.ds18b20_process
                0x08001350       0x70 ./Src/BSP/BSP_DS18B20/bsp_ds18b20.o
                0x08001350                ds18b20_process
 .text.ds18b20_is_new_data_ready
                0x080013c0       0x22 ./Src/BSP/BSP_DS18B20/bsp_ds18b20.o
                0x080013c0                ds18b20_is_new_data_ready
 .text.ds18b20_get_last_temp_int
                0x080013e2       0x48 ./Src/BSP/BSP_DS18B20/bsp_ds18b20.o
                0x080013e2                ds18b20_get_last_temp_int
 .text.ds18b20_write_bit
                0x0800142a       0x4e ./Src/BSP/BSP_DS18B20/bsp_ds18b20.o
 .text.ds18b20_read_bit
                0x08001478       0x4c ./Src/BSP/BSP_DS18B20/bsp_ds18b20.o
 .text.ds18b20_write_byte
                0x080014c4       0x40 ./Src/BSP/BSP_DS18B20/bsp_ds18b20.o
 .text.ds18b20_read_byte
                0x08001504       0x40 ./Src/BSP/BSP_DS18B20/bsp_ds18b20.o
 .text.ds18b20_write_pin
                0x08001544       0x44 ./Src/BSP/BSP_DS18B20/bsp_ds18b20.o
 .text.ds18b20_read_pin
                0x08001588       0x2e ./Src/BSP/BSP_DS18B20/bsp_ds18b20.o
 .text.ds18b20_set_pin_output
                0x080015b6       0x92 ./Src/BSP/BSP_DS18B20/bsp_ds18b20.o
 .text.ds18b20_set_pin_input
                0x08001648       0x60 ./Src/BSP/BSP_DS18B20/bsp_ds18b20.o
 .text.ds18b20_crc8
                0x080016a8       0x78 ./Src/BSP/BSP_DS18B20/bsp_ds18b20.o
 .text.ds18b20_read_scratchpad
                0x08001720       0x86 ./Src/BSP/BSP_DS18B20/bsp_ds18b20.o
 .text.ds18b20_raw_from_scratchpad
                0x080017a6       0x2a ./Src/BSP/BSP_DS18B20/bsp_ds18b20.o
 .text.ds18b20_raw_to_int_celsius
                0x080017d0       0x62 ./Src/BSP/BSP_DS18B20/bsp_ds18b20.o
 .text.fan_init
                0x08001832       0x2e ./Src/BSP/BSP_Fan/bsp_fan.o
                0x08001832                fan_init
 .text.fan_on   0x08001860       0x48 ./Src/BSP/BSP_Fan/bsp_fan.o
                0x08001860                fan_on
 .text.fan_off  0x080018a8       0x48 ./Src/BSP/BSP_Fan/bsp_fan.o
                0x080018a8                fan_off
 .text.fan_get_state
                0x080018f0       0x22 ./Src/BSP/BSP_Fan/bsp_fan.o
                0x080018f0                fan_get_state
 .text.fan_write_pin
                0x08001912       0x44 ./Src/BSP/BSP_Fan/bsp_fan.o
 .text.lcd_init
                0x08001956       0x8c ./Src/BSP/BSP_LCD/bsp_lcd.o
                0x08001956                lcd_init
 .text.lcd_clear
                0x080019e2       0x26 ./Src/BSP/BSP_LCD/bsp_lcd.o
                0x080019e2                lcd_clear
 .text.lcd_send_cmd
                0x08001a08       0x50 ./Src/BSP/BSP_LCD/bsp_lcd.o
                0x08001a08                lcd_send_cmd
 .text.lcd_send_data
                0x08001a58       0x50 ./Src/BSP/BSP_LCD/bsp_lcd.o
                0x08001a58                lcd_send_data
 .text.lcd_set_cursor
                0x08001aa8       0x50 ./Src/BSP/BSP_LCD/bsp_lcd.o
                0x08001aa8                lcd_set_cursor
 .text.lcd_print_str
                0x08001af8       0x3c ./Src/BSP/BSP_LCD/bsp_lcd.o
                0x08001af8                lcd_print_str
 .text.lcd_print_int
                0x08001b34       0xcc ./Src/BSP/BSP_LCD/bsp_lcd.o
                0x08001b34                lcd_print_int
 .text.lcd_write_pin
                0x08001c00       0x48 ./Src/BSP/BSP_LCD/bsp_lcd.o
 .text.lcd_pulse_enable
                0x08001c48       0x3c ./Src/BSP/BSP_LCD/bsp_lcd.o
 .text.lcd_write_4bits
                0x08001c84       0x82 ./Src/BSP/BSP_LCD/bsp_lcd.o
 *fill*         0x08001d06        0x2 
 .text.delay_init
                0x08001d08       0x5c ./Src/Drivers/Components/delay/delay.o
                0x08001d08                delay_init
 .text.delay_ms
                0x08001d64       0x2a ./Src/Drivers/Components/delay/delay.o
                0x08001d64                delay_ms
 *fill*         0x08001d8e        0x2 
 .text.delay_us
                0x08001d90       0x48 ./Src/Drivers/Components/delay/delay.o
                0x08001d90                delay_us
 .text.systick_init
                0x08001dd8       0x38 ./Src/Drivers/Components/systick/systick.o
                0x08001dd8                systick_init
 .text.systick_get_tick
                0x08001e10       0x18 ./Src/Drivers/Components/systick/systick.o
                0x08001e10                systick_get_tick
 .text.systick_irq_handler
                0x08001e28       0x1c ./Src/Drivers/Components/systick/systick.o
                0x08001e28                systick_irq_handler
 .text.__libc_init_array
                0x08001e44       0x48 D:/Programs/STM32CubeIDE_2.0.0/STM32CubeIDE/plugins/com.st.stm32cube.ide.mcu.externaltools.gnu-tools-for-stm32.13.3.rel1.win32_1.0.100.202509120712/tools/bin/../lib/gcc/arm-none-eabi/13.3.1/../../../../arm-none-eabi/lib/thumb/v7e-m+fp/hard\libc_nano.a(libc_a-init.o)
                0x08001e44                __libc_init_array
 *(.glue_7)
 .glue_7        0x08001e8c        0x0 linker stubs
 *(.glue_7t)
 .glue_7t       0x08001e8c        0x0 linker stubs
 *(.eh_frame)
 .eh_frame      0x08001e8c        0x0 D:/Programs/STM32CubeIDE_2.0.0/STM32CubeIDE/plugins/com.st.stm32cube.ide.mcu.externaltools.gnu-tools-for-stm32.13.3.rel1.win32_1.0.100.202509120712/tools/bin/../lib/gcc/arm-none-eabi/13.3.1/thumb/v7e-m+fp/hard/crtbegin.o
 *(.init)
 .init          0x08001e8c        0x4 D:/Programs/STM32CubeIDE_2.0.0/STM32CubeIDE/plugins/com.st.stm32cube.ide.mcu.externaltools.gnu-tools-for-stm32.13.3.rel1.win32_1.0.100.202509120712/tools/bin/../lib/gcc/arm-none-eabi/13.3.1/thumb/v7e-m+fp/hard/crti.o
                0x08001e8c                _init
 .init          0x08001e90        0x8 D:/Programs/STM32CubeIDE_2.0.0/STM32CubeIDE/plugins/com.st.stm32cube.ide.mcu.externaltools.gnu-tools-for-stm32.13.3.rel1.win32_1.0.100.202509120712/tools/bin/../lib/gcc/arm-none-eabi/13.3.1/thumb/v7e-m+fp/hard/crtn.o
 *(.fini)
 .fini          0x08001e98        0x4 D:/Programs/STM32CubeIDE_2.0.0/STM32CubeIDE/plugins/com.st.stm32cube.ide.mcu.externaltools.gnu-tools-for-stm32.13.3.rel1.win32_1.0.100.202509120712/tools/bin/../lib/gcc/arm-none-eabi/13.3.1/thumb/v7e-m+fp/hard/crti.o
                0x08001e98                _fini
 .fini          0x08001e9c        0x8 D:/Programs/STM32CubeIDE_2.0.0/STM32CubeIDE/plugins/com.st.stm32cube.ide.mcu.externaltools.gnu-tools-for-stm32.13.3.rel1.win32_1.0.100.202509120712/tools/bin/../lib/gcc/arm-none-eabi/13.3.1/thumb/v7e-m+fp/hard/crtn.o
                0x08001ea4                        . = ALIGN (0x4)
                0x08001ea4                        _etext = .

.vfp11_veneer   0x08001ea4        0x0
 .vfp11_veneer  0x08001ea4        0x0 linker stubs

.v4_bx          0x08001ea4        0x0
 .v4_bx         0x08001ea4        0x0 linker stubs

.iplt           0x08001ea4        0x0
 .iplt          0x08001ea4        0x0 D:/Programs/STM32CubeIDE_2.0.0/STM32CubeIDE/plugins/com.st.stm32cube.ide.mcu.externaltools.gnu-tools-for-stm32.13.3.rel1.win32_1.0.100.202509120712/tools/bin/../lib/gcc/arm-none-eabi/13.3.1/thumb/v7e-m+fp/hard/crtbegin.o

.rodata         0x08001ea4       0x48
                0x08001ea4                        . = ALIGN (0x4)
 *(.rodata)
 .rodata        0x08001ea4       0x46 ./Src/App/app_main.o
 *(.rodata*)
                0x08001eec                        . = ALIGN (0x4)
 *fill*         0x08001eea        0x2 

.rel.dyn        0x08001eec        0x0
 .rel.iplt      0x08001eec        0x0 D:/Programs/STM32CubeIDE_2.0.0/STM32CubeIDE/plugins/com.st.stm32cube.ide.mcu.externaltools.gnu-tools-for-stm32.13.3.rel1.win32_1.0.100.202509120712/tools/bin/../lib/gcc/arm-none-eabi/13.3.1/thumb/v7e-m+fp/hard/crtbegin.o

.ARM.extab      0x08001eec        0x0
                0x08001eec                        . = ALIGN (0x4)
 *(.ARM.extab* .gnu.linkonce.armextab.*)
                0x08001eec                        . = ALIGN (0x4)

.ARM            0x08001eec        0x0
                0x08001eec                        . = ALIGN (0x4)
                0x08001eec                        __exidx_start = .
 *(.ARM.exidx*)
                0x08001eec                        __exidx_end = .
                0x08001eec                        . = ALIGN (0x4)

.preinit_array  0x08001eec        0x0
                0x08001eec                        . = ALIGN (0x4)
                0x08001eec                        PROVIDE (__preinit_array_start = .)
 *(.preinit_array*)
                0x08001eec                        PROVIDE (__preinit_array_end = .)
                0x08001eec                        . = ALIGN (0x4)

.init_array     0x08001eec        0x4
                0x08001eec                        . = ALIGN (0x4)
                0x08001eec                        PROVIDE (__init_array_start = .)
 *(SORT_BY_NAME(.init_array.*))
 *(.init_array*)
 .init_array    0x08001eec        0x4 D:/Programs/STM32CubeIDE_2.0.0/STM32CubeIDE/plugins/com.st.stm32cube.ide.mcu.externaltools.gnu-tools-for-stm32.13.3.rel1.win32_1.0.100.202509120712/tools/bin/../lib/gcc/arm-none-eabi/13.3.1/thumb/v7e-m+fp/hard/crtbegin.o
                0x08001ef0                        PROVIDE (__init_array_end = .)
                0x08001ef0                        . = ALIGN (0x4)

.fini_array     0x08001ef0        0x4
                0x08001ef0                        . = ALIGN (0x4)
                [!provide]                        PROVIDE (__fini_array_start = .)
 *(SORT_BY_NAME(.fini_array.*))
 *(.fini_array*)
 .fini_array    0x08001ef0        0x4 D:/Programs/STM32CubeIDE_2.0.0/STM32CubeIDE/plugins/com.st.stm32cube.ide.mcu.externaltools.gnu-tools-for-stm32.13.3.rel1.win32_1.0.100.202509120712/tools/bin/../lib/gcc/arm-none-eabi/13.3.1/thumb/v7e-m+fp/hard/crtbegin.o
                [!provide]                        PROVIDE (__fini_array_end = .)
                0x08001ef4                        . = ALIGN (0x4)
                0x08001ef4                        _sidata = LOADADDR (.data)

.data           0x20000000       0x94 load address 0x08001ef4
                0x20000000                        . = ALIGN (0x4)
                0x20000000                        _sdata = .
 *(.data)
 *(.data*)
 .data.SystemCoreClock
                0x20000000        0x4 ./Core/Src/system_stm32f4xx.o
                0x20000000                SystemCoreClock
 .data.lcd      0x20000004       0x30 ./Src/App/app_main.o
 .data.sensor   0x20000034       0x1c ./Src/App/app_main.o
 .data.button_up
                0x20000050       0x14 ./Src/App/app_main.o
 .data.button_down
                0x20000064       0x14 ./Src/App/app_main.o
 .data.button_set
                0x20000078       0x14 ./Src/App/app_main.o
 .data.fan      0x2000008c        0x8 ./Src/App/app_main.o
 *(.RamFunc)
 *(.RamFunc*)
                0x20000094                        . = ALIGN (0x4)
                0x20000094                        _edata = .

.igot.plt       0x20000094        0x0 load address 0x08001f88
 .igot.plt      0x20000094        0x0 D:/Programs/STM32CubeIDE_2.0.0/STM32CubeIDE/plugins/com.st.stm32cube.ide.mcu.externaltools.gnu-tools-for-stm32.13.3.rel1.win32_1.0.100.202509120712/tools/bin/../lib/gcc/arm-none-eabi/13.3.1/thumb/v7e-m+fp/hard/crtbegin.o
                0x20000094                        . = ALIGN (0x4)

.bss            0x20000094       0x4c load address 0x08001f88
                0x20000094                        _sbss = .
                0x20000094                        __bss_start__ = _sbss
 *(.bss)
 .bss           0x20000094       0x1c D:/Programs/STM32CubeIDE_2.0.0/STM32CubeIDE/plugins/com.st.stm32cube.ide.mcu.externaltools.gnu-tools-for-stm32.13.3.rel1.win32_1.0.100.202509120712/tools/bin/../lib/gcc/arm-none-eabi/13.3.1/thumb/v7e-m+fp/hard/crtbegin.o
 *(.bss*)
 .bss.app_state
                0x200000b0        0x1 ./Src/App/app_main.o
 .bss.temp_state
                0x200000b1        0x1 ./Src/App/app_main.o
 *fill*         0x200000b2        0x2 
 .bss.temp_current
                0x200000b4        0x4 ./Src/App/app_main.o
 .bss.temp_edit
                0x200000b8        0x4 ./Src/App/app_main.o
 .bss.temp_set  0x200000bc        0x4 ./Src/App/app_main.o
 .bss.sensor_valid
                0x200000c0        0x1 ./Src/App/app_main.o
 *fill*         0x200000c1        0x3 
 .bss.last_button_tick
                0x200000c4        0x4 ./Src/App/app_main.o
 .bss.last_temp_tick
                0x200000c8        0x4 ./Src/App/app_main.o
 .bss.last_lcd_tick
                0x200000cc        0x4 ./Src/App/app_main.o
 .bss.temp_conv_start_tick
                0x200000d0        0x4 ./Src/App/app_main.o
 .bss.gu32CpuFreqHz
                0x200000d4        0x4 ./Src/Drivers/Components/delay/delay.o
 .bss.gu32CyclesPerUs
                0x200000d8        0x4 ./Src/Drivers/Components/delay/delay.o
 .bss.gu32TickMs
                0x200000dc        0x4 ./Src/Drivers/Components/systick/systick.o
 *(COMMON)
                0x200000e0                        . = ALIGN (0x4)
                0x200000e0                        _ebss = .
                0x200000e0                        __bss_end__ = _ebss

._user_heap_stack
                0x200000e0      0x600 load address 0x08001f88
                0x200000e0                        . = ALIGN (0x8)
                [!provide]                        PROVIDE (end = .)
                0x200000e0                        PROVIDE (_end = .)
                0x200002e0                        . = (. + _Min_Heap_Size)
 *fill*         0x200000e0      0x200 
                0x200006e0                        . = (. + _Min_Stack_Size)
 *fill*         0x200002e0      0x400 
                0x200006e0                        . = ALIGN (0x8)

/DISCARD/
 libc.a(*)
 libm.a(*)
 libgcc.a(*)

.ARM.attributes
                0x00000000       0x30
 *(.ARM.attributes)
 .ARM.attributes
                0x00000000       0x22 D:/Programs/STM32CubeIDE_2.0.0/STM32CubeIDE/plugins/com.st.stm32cube.ide.mcu.externaltools.gnu-tools-for-stm32.13.3.rel1.win32_1.0.100.202509120712/tools/bin/../lib/gcc/arm-none-eabi/13.3.1/thumb/v7e-m+fp/hard/crti.o
 .ARM.attributes
                0x00000022       0x34 D:/Programs/STM32CubeIDE_2.0.0/STM32CubeIDE/plugins/com.st.stm32cube.ide.mcu.externaltools.gnu-tools-for-stm32.13.3.rel1.win32_1.0.100.202509120712/tools/bin/../lib/gcc/arm-none-eabi/13.3.1/thumb/v7e-m+fp/hard/crtbegin.o
 .ARM.attributes
                0x00000056       0x34 ./Core/Src/main.o
 .ARM.attributes
                0x0000008a       0x34 ./Core/Src/stm32f4xx_it.o
 .ARM.attributes
                0x000000be       0x34 ./Core/Src/system_stm32f4xx.o
 .ARM.attributes
                0x000000f2       0x21 ./Core/Startup/startup_stm32f401ceux.o
 .ARM.attributes
                0x00000113       0x34 ./Drivers/STM32F4xx_HAL_Driver/Src/stm32f4xx_ll_gpio.o
 .ARM.attributes
                0x00000147       0x34 ./Drivers/STM32F4xx_HAL_Driver/Src/stm32f4xx_ll_utils.o
 .ARM.attributes
                0x0000017b       0x34 ./Src/App/app_main.o
 .ARM.attributes
                0x000001af       0x34 ./Src/BSP/BSP_Button/bsp_button.o
 .ARM.attributes
                0x000001e3       0x34 ./Src/BSP/BSP_DS18B20/bsp_ds18b20.o
 .ARM.attributes
                0x00000217       0x34 ./Src/BSP/BSP_Fan/bsp_fan.o
 .ARM.attributes
                0x0000024b       0x34 ./Src/BSP/BSP_LCD/bsp_lcd.o
 .ARM.attributes
                0x0000027f       0x34 ./Src/Drivers/Components/delay/delay.o
 .ARM.attributes
                0x000002b3       0x34 ./Src/Drivers/Components/systick/systick.o
 .ARM.attributes
                0x000002e7       0x34 D:/Programs/STM32CubeIDE_2.0.0/STM32CubeIDE/plugins/com.st.stm32cube.ide.mcu.externaltools.gnu-tools-for-stm32.13.3.rel1.win32_1.0.100.202509120712/tools/bin/../lib/gcc/arm-none-eabi/13.3.1/../../../../arm-none-eabi/lib/thumb/v7e-m+fp/hard\libc_nano.a(libc_a-init.o)
 .ARM.attributes
                0x0000031b       0x22 D:/Programs/STM32CubeIDE_2.0.0/STM32CubeIDE/plugins/com.st.stm32cube.ide.mcu.externaltools.gnu-tools-for-stm32.13.3.rel1.win32_1.0.100.202509120712/tools/bin/../lib/gcc/arm-none-eabi/13.3.1/thumb/v7e-m+fp/hard/crtn.o
OUTPUT(Thermostat.elf elf32-littlearm)
LOAD linker stubs
LOAD D:/Programs/STM32CubeIDE_2.0.0/STM32CubeIDE/plugins/com.st.stm32cube.ide.mcu.externaltools.gnu-tools-for-stm32.13.3.rel1.win32_1.0.100.202509120712/tools/bin/../lib/gcc/arm-none-eabi/13.3.1/../../../../arm-none-eabi/lib/thumb/v7e-m+fp/hard\libc.a
LOAD D:/Programs/STM32CubeIDE_2.0.0/STM32CubeIDE/plugins/com.st.stm32cube.ide.mcu.externaltools.gnu-tools-for-stm32.13.3.rel1.win32_1.0.100.202509120712/tools/bin/../lib/gcc/arm-none-eabi/13.3.1/../../../../arm-none-eabi/lib/thumb/v7e-m+fp/hard\libm.a
LOAD D:/Programs/STM32CubeIDE_2.0.0/STM32CubeIDE/plugins/com.st.stm32cube.ide.mcu.externaltools.gnu-tools-for-stm32.13.3.rel1.win32_1.0.100.202509120712/tools/bin/../lib/gcc/arm-none-eabi/13.3.1/thumb/v7e-m+fp/hard\libgcc.a

.debug_info     0x00000000     0x4428
 .debug_info    0x00000000      0xdef ./Core/Src/main.o
 .debug_info    0x00000def      0x14f ./Core/Src/stm32f4xx_it.o
 .debug_info    0x00000f3e      0x537 ./Core/Src/system_stm32f4xx.o
 .debug_info    0x00001475       0x30 ./Core/Startup/startup_stm32f401ceux.o
 .debug_info    0x000014a5      0x7dd ./Drivers/STM32F4xx_HAL_Driver/Src/stm32f4xx_ll_gpio.o
 .debug_info    0x00001c82      0x925 ./Drivers/STM32F4xx_HAL_Driver/Src/stm32f4xx_ll_utils.o
 .debug_info    0x000025a7      0x7c9 ./Src/App/app_main.o
 .debug_info    0x00002d70      0x2e8 ./Src/BSP/BSP_Button/bsp_button.o
 .debug_info    0x00003058      0x885 ./Src/BSP/BSP_DS18B20/bsp_ds18b20.o
 .debug_info    0x000038dd      0x2c5 ./Src/BSP/BSP_Fan/bsp_fan.o
 .debug_info    0x00003ba2      0x44c ./Src/BSP/BSP_LCD/bsp_lcd.o
 .debug_info    0x00003fee      0x2cf ./Src/Drivers/Components/delay/delay.o
 .debug_info    0x000042bd      0x16b ./Src/Drivers/Components/systick/systick.o

.debug_abbrev   0x00000000     0x148c
 .debug_abbrev  0x00000000      0x2e3 ./Core/Src/main.o
 .debug_abbrev  0x000002e3       0xac ./Core/Src/stm32f4xx_it.o
 .debug_abbrev  0x0000038f      0x11a ./Core/Src/system_stm32f4xx.o
 .debug_abbrev  0x000004a9       0x24 ./Core/Startup/startup_stm32f401ceux.o
 .debug_abbrev  0x000004cd      0x21f ./Drivers/STM32F4xx_HAL_Driver/Src/stm32f4xx_ll_gpio.o
 .debug_abbrev  0x000006ec      0x232 ./Drivers/STM32F4xx_HAL_Driver/Src/stm32f4xx_ll_utils.o
 .debug_abbrev  0x0000091e      0x1b6 ./Src/App/app_main.o
 .debug_abbrev  0x00000ad4      0x1aa ./Src/BSP/BSP_Button/bsp_button.o
 .debug_abbrev  0x00000c7e      0x29e ./Src/BSP/BSP_DS18B20/bsp_ds18b20.o
 .debug_abbrev  0x00000f1c      0x183 ./Src/BSP/BSP_Fan/bsp_fan.o
 .debug_abbrev  0x0000109f      0x19c ./Src/BSP/BSP_LCD/bsp_lcd.o
 .debug_abbrev  0x0000123b      0x12a ./Src/Drivers/Components/delay/delay.o
 .debug_abbrev  0x00001365      0x127 ./Src/Drivers/Components/systick/systick.o

.debug_aranges  0x00000000      0x588
 .debug_aranges
                0x00000000       0xe0 ./Core/Src/main.o
 .debug_aranges
                0x000000e0       0x60 ./Core/Src/stm32f4xx_it.o
 .debug_aranges
                0x00000140       0x28 ./Core/Src/system_stm32f4xx.o
 .debug_aranges
                0x00000168       0x28 ./Core/Startup/startup_stm32f401ceux.o
 .debug_aranges
                0x00000190       0x70 ./Drivers/STM32F4xx_HAL_Driver/Src/stm32f4xx_ll_gpio.o
 .debug_aranges
                0x00000200       0xf8 ./Drivers/STM32F4xx_HAL_Driver/Src/stm32f4xx_ll_utils.o
 .debug_aranges
                0x000002f8       0x50 ./Src/App/app_main.o
 .debug_aranges
                0x00000348       0x40 ./Src/BSP/BSP_Button/bsp_button.o
 .debug_aranges
                0x00000388       0xe8 ./Src/BSP/BSP_DS18B20/bsp_ds18b20.o
 .debug_aranges
                0x00000470       0x48 ./Src/BSP/BSP_Fan/bsp_fan.o
 .debug_aranges
                0x000004b8       0x68 ./Src/BSP/BSP_LCD/bsp_lcd.o
 .debug_aranges
                0x00000520       0x30 ./Src/Drivers/Components/delay/delay.o
 .debug_aranges
                0x00000550       0x38 ./Src/Drivers/Components/systick/systick.o

.debug_rnglists
                0x00000000      0x3f7
 .debug_rnglists
                0x00000000       0xa4 ./Core/Src/main.o
 .debug_rnglists
                0x000000a4       0x43 ./Core/Src/stm32f4xx_it.o
 .debug_rnglists
                0x000000e7       0x1a ./Core/Src/system_stm32f4xx.o
 .debug_rnglists
                0x00000101       0x19 ./Core/Startup/startup_stm32f401ceux.o
 .debug_rnglists
                0x0000011a       0x51 ./Drivers/STM32F4xx_HAL_Driver/Src/stm32f4xx_ll_gpio.o
 .debug_rnglists
                0x0000016b       0xb8 ./Drivers/STM32F4xx_HAL_Driver/Src/stm32f4xx_ll_utils.o
 .debug_rnglists
                0x00000223       0x3a ./Src/App/app_main.o
 .debug_rnglists
                0x0000025d       0x2c ./Src/BSP/BSP_Button/bsp_button.o
 .debug_rnglists
                0x00000289       0xad ./Src/BSP/BSP_DS18B20/bsp_ds18b20.o
 .debug_rnglists
                0x00000336       0x31 ./Src/BSP/BSP_Fan/bsp_fan.o
 .debug_rnglists
                0x00000367       0x4c ./Src/BSP/BSP_LCD/bsp_lcd.o
 .debug_rnglists
                0x000003b3       0x1f ./Src/Drivers/Components/delay/delay.o
 .debug_rnglists
                0x000003d2       0x25 ./Src/Drivers/Components/systick/systick.o

.debug_macro    0x00000000    0x10253
 .debug_macro   0x00000000      0x165 ./Core/Src/main.o
 .debug_macro   0x00000165      0xb1a ./Core/Src/main.o
 .debug_macro   0x00000c7f       0x2e ./Core/Src/main.o
 .debug_macro   0x00000cad       0x28 ./Core/Src/main.o
 .debug_macro   0x00000cd5       0x22 ./Core/Src/main.o
 .debug_macro   0x00000cf7       0x8e ./Core/Src/main.o
 .debug_macro   0x00000d85       0x51 ./Core/Src/main.o
 .debug_macro   0x00000dd6      0x103 ./Core/Src/main.o
 .debug_macro   0x00000ed9       0x6a ./Core/Src/main.o
 .debug_macro   0x00000f43      0x1df ./Core/Src/main.o
 .debug_macro   0x00001122       0x1c ./Core/Src/main.o
 .debug_macro   0x0000113e       0x22 ./Core/Src/main.o
 .debug_macro   0x00001160       0xd9 ./Core/Src/main.o
 .debug_macro   0x00001239     0x102d ./Core/Src/main.o
 .debug_macro   0x00002266      0x11f ./Core/Src/main.o
 .debug_macro   0x00002385     0xb86c ./Core/Src/main.o
 .debug_macro   0x0000dbf1       0x6d ./Core/Src/main.o
 .debug_macro   0x0000dc5e      0x782 ./Core/Src/main.o
 .debug_macro   0x0000e3e0      0x116 ./Core/Src/main.o
 .debug_macro   0x0000e4f6      0x1ab ./Core/Src/main.o
 .debug_macro   0x0000e6a1       0xe8 ./Core/Src/main.o
 .debug_macro   0x0000e789      0x1a6 ./Core/Src/main.o
 .debug_macro   0x0000e92f       0x61 ./Core/Src/main.o
 .debug_macro   0x0000e990       0xbc ./Core/Src/main.o
 .debug_macro   0x0000ea4c      0x1e6 ./Core/Src/main.o
 .debug_macro   0x0000ec32      0x149 ./Core/Src/main.o
 .debug_macro   0x0000ed7b       0x22 ./Core/Src/main.o
 .debug_macro   0x0000ed9d       0x22 ./Core/Src/main.o
 .debug_macro   0x0000edbf      0x148 ./Core/Src/stm32f4xx_it.o
 .debug_macro   0x0000ef07       0xce ./Core/Src/system_stm32f4xx.o
 .debug_macro   0x0000efd5      0x110 ./Drivers/STM32F4xx_HAL_Driver/Src/stm32f4xx_ll_gpio.o
 .debug_macro   0x0000f0e5      0x143 ./Drivers/STM32F4xx_HAL_Driver/Src/stm32f4xx_ll_gpio.o
 .debug_macro   0x0000f228      0x190 ./Drivers/STM32F4xx_HAL_Driver/Src/stm32f4xx_ll_utils.o
 .debug_macro   0x0000f3b8       0x5b ./Drivers/STM32F4xx_HAL_Driver/Src/stm32f4xx_ll_utils.o
 .debug_macro   0x0000f413      0x788 ./Drivers/STM32F4xx_HAL_Driver/Src/stm32f4xx_ll_utils.o
 .debug_macro   0x0000fb9b      0x11d ./Src/App/app_main.o
 .debug_macro   0x0000fcb8       0xf4 ./Src/BSP/BSP_Button/bsp_button.o
 .debug_macro   0x0000fdac      0x118 ./Src/BSP/BSP_DS18B20/bsp_ds18b20.o
 .debug_macro   0x0000fec4       0xea ./Src/BSP/BSP_Fan/bsp_fan.o
 .debug_macro   0x0000ffae       0xeb ./Src/BSP/BSP_LCD/bsp_lcd.o
 .debug_macro   0x00010099       0xe2 ./Src/Drivers/Components/delay/delay.o
 .debug_macro   0x0001017b       0xd8 ./Src/Drivers/Components/systick/systick.o

.debug_line     0x00000000     0x5ebc
 .debug_line    0x00000000      0xb3d ./Core/Src/main.o
 .debug_line    0x00000b3d      0x6fe ./Core/Src/stm32f4xx_it.o
 .debug_line    0x0000123b      0x561 ./Core/Src/system_stm32f4xx.o
 .debug_line    0x0000179c       0x7a ./Core/Startup/startup_stm32f401ceux.o
 .debug_line    0x00001816      0x84f ./Drivers/STM32F4xx_HAL_Driver/Src/stm32f4xx_ll_gpio.o
 .debug_line    0x00002065      0x9eb ./Drivers/STM32F4xx_HAL_Driver/Src/stm32f4xx_ll_utils.o
 .debug_line    0x00002a50      0x8f3 ./Src/App/app_main.o
 .debug_line    0x00003343      0x693 ./Src/BSP/BSP_Button/bsp_button.o
 .debug_line    0x000039d6      0xc59 ./Src/BSP/BSP_DS18B20/bsp_ds18b20.o
 .debug_line    0x0000462f      0x63a ./Src/BSP/BSP_Fan/bsp_fan.o
 .debug_line    0x00004c69      0x716 ./Src/BSP/BSP_LCD/bsp_lcd.o
 .debug_line    0x0000537f      0x5e1 ./Src/Drivers/Components/delay/delay.o
 .debug_line    0x00005960      0x55c ./Src/Drivers/Components/systick/systick.o

.debug_str      0x00000000    0x5b3e8
 .debug_str     0x00000000    0x5b3e8 ./Core/Src/main.o
                              0x58ad2 (size before relaxing)
 .debug_str     0x0005b3e8        0x0 ./Core/Src/stm32f4xx_it.o
                              0x58181 (size before relaxing)
 .debug_str     0x0005b3e8        0x0 ./Core/Src/system_stm32f4xx.o
                              0x4f822 (size before relaxing)
 .debug_str     0x0005b3e8        0x0 ./Core/Startup/startup_stm32f401ceux.o
                                 0x91 (size before relaxing)
 .debug_str     0x0005b3e8        0x0 ./Drivers/STM32F4xx_HAL_Driver/Src/stm32f4xx_ll_gpio.o
                              0x50cfb (size before relaxing)
 .debug_str     0x0005b3e8        0x0 ./Drivers/STM32F4xx_HAL_Driver/Src/stm32f4xx_ll_utils.o
                              0x561f4 (size before relaxing)
 .debug_str     0x0005b3e8        0x0 ./Src/App/app_main.o
                              0x4fc8d (size before relaxing)
 .debug_str     0x0005b3e8        0x0 ./Src/BSP/BSP_Button/bsp_button.o
                              0x4fb83 (size before relaxing)
 .debug_str     0x0005b3e8        0x0 ./Src/BSP/BSP_DS18B20/bsp_ds18b20.o
                              0x4ff0c (size before relaxing)
 .debug_str     0x0005b3e8        0x0 ./Src/BSP/BSP_Fan/bsp_fan.o
                              0x4faf1 (size before relaxing)
 .debug_str     0x0005b3e8        0x0 ./Src/BSP/BSP_LCD/bsp_lcd.o
                              0x4fb4f (size before relaxing)
 .debug_str     0x0005b3e8        0x0 ./Src/Drivers/Components/delay/delay.o
                              0x4f7dc (size before relaxing)
 .debug_str     0x0005b3e8        0x0 ./Src/Drivers/Components/systick/systick.o
                              0x4f6f8 (size before relaxing)

.comment        0x00000000       0x43
 .comment       0x00000000       0x43 ./Core/Src/main.o
                                 0x44 (size before relaxing)
 .comment       0x00000043        0x0 ./Core/Src/stm32f4xx_it.o
                                 0x44 (size before relaxing)
 .comment       0x00000043        0x0 ./Core/Src/system_stm32f4xx.o
                                 0x44 (size before relaxing)
 .comment       0x00000043        0x0 ./Drivers/STM32F4xx_HAL_Driver/Src/stm32f4xx_ll_gpio.o
                                 0x44 (size before relaxing)
 .comment       0x00000043        0x0 ./Drivers/STM32F4xx_HAL_Driver/Src/stm32f4xx_ll_utils.o
                                 0x44 (size before relaxing)
 .comment       0x00000043        0x0 ./Src/App/app_main.o
                                 0x44 (size before relaxing)
 .comment       0x00000043        0x0 ./Src/BSP/BSP_Button/bsp_button.o
                                 0x44 (size before relaxing)
 .comment       0x00000043        0x0 ./Src/BSP/BSP_DS18B20/bsp_ds18b20.o
                                 0x44 (size before relaxing)
 .comment       0x00000043        0x0 ./Src/BSP/BSP_Fan/bsp_fan.o
                                 0x44 (size before relaxing)
 .comment       0x00000043        0x0 ./Src/BSP/BSP_LCD/bsp_lcd.o
                                 0x44 (size before relaxing)
 .comment       0x00000043        0x0 ./Src/Drivers/Components/delay/delay.o
                                 0x44 (size before relaxing)
 .comment       0x00000043        0x0 ./Src/Drivers/Components/systick/systick.o
                                 0x44 (size before relaxing)

.debug_frame    0x00000000     0x1418
 .debug_frame   0x00000000      0x3a4 ./Core/Src/main.o
 .debug_frame   0x000003a4      0x104 ./Core/Src/stm32f4xx_it.o
 .debug_frame   0x000004a8       0x58 ./Core/Src/system_stm32f4xx.o
 .debug_frame   0x00000500      0x1c0 ./Drivers/STM32F4xx_HAL_Driver/Src/stm32f4xx_ll_gpio.o
 .debug_frame   0x000006c0      0x3f8 ./Drivers/STM32F4xx_HAL_Driver/Src/stm32f4xx_ll_utils.o
 .debug_frame   0x00000ab8       0xec ./Src/App/app_main.o
 .debug_frame   0x00000ba4       0xd0 ./Src/BSP/BSP_Button/bsp_button.o
 .debug_frame   0x00000c74      0x3ec ./Src/BSP/BSP_DS18B20/bsp_ds18b20.o
 .debug_frame   0x00001060       0xf0 ./Src/BSP/BSP_Fan/bsp_fan.o
 .debug_frame   0x00001150      0x17c ./Src/BSP/BSP_LCD/bsp_lcd.o
 .debug_frame   0x000012cc       0x84 ./Src/Drivers/Components/delay/delay.o
 .debug_frame   0x00001350       0x9c ./Src/Drivers/Components/systick/systick.o
 .debug_frame   0x000013ec       0x2c D:/Programs/STM32CubeIDE_2.0.0/STM32CubeIDE/plugins/com.st.stm32cube.ide.mcu.externaltools.gnu-tools-for-stm32.13.3.rel1.win32_1.0.100.202509120712/tools/bin/../lib/gcc/arm-none-eabi/13.3.1/../../../../arm-none-eabi/lib/thumb/v7e-m+fp/hard\libc_nano.a(libc_a-init.o)

.debug_line_str
                0x00000000       0x75
 .debug_line_str
                0x00000000       0x75 ./Core/Startup/startup_stm32f401ceux.o
